corpus driver | passes=6 agents=all from=1
trace file: /home/shramanpadhalni/.kiro/quench-traces/raw.jsonl

--- pass 1/6 ---
  lease-001    intake     PASS  delta=3    PASS
  lease-001    extractor  PASS  delta=13   PASS
  lease-001    anomaly    PASS  delta=9    PASS
  lease-002    intake     PASS  delta=3    PASS
  lease-002    extractor  PASS  delta=13   PASS
  lease-002    anomaly    PASS  delta=9    PASS
  lease-003    intake     PASS  delta=3    PASS
  lease-003    extractor  PASS  delta=13   PASS
  lease-003    anomaly    PASS  delta=9    PASS
  lease-004    intake     PASS  delta=3    PASS
  lease-004    extractor  PASS  delta=13   PASS
  lease-004    anomaly    PASS  delta=9    PASS
  lease-005    intake     PASS  delta=3    PASS
  lease-005    extractor  PASS  delta=13   PASS
  lease-005    anomaly    PASS  delta=9    PASS
  lease-006    intake     PASS  delta=3    PASS
  lease-006    extractor  PASS  delta=13   PASS
  lease-006    anomaly    PASS  delta=9    PASS
  lease-007    intake     PASS  delta=3    PASS
  lease-007    extractor  PASS  delta=13   PASS
  lease-007    anomaly    PASS  delta=9    PASS
  lease-008    intake     PASS  delta=3    PASS
  lease-008    extractor  PASS  delta=13   PASS
  lease-008    anomaly    PASS  delta=9    PASS
  lease-009    intake     PASS  delta=3    PASS
  lease-009    extractor  PASS  delta=13   PASS
  lease-009    anomaly    PASS  delta=9    PASS
  lease-010    intake     PASS  delta=3    PASS
  lease-010    extractor  PASS  delta=13   PASS
  lease-010    anomaly    PASS  delta=9    PASS
  lease-011    intake     PASS  delta=3    PASS
  lease-011    extractor  PASS  delta=13   PASS
  lease-011    anomaly    PASS  delta=9    PASS
  lease-012    intake     PASS  delta=3    PASS
  lease-012    extractor  PASS  delta=13   PASS
  lease-012    anomaly    PASS  delta=9    PASS
  lease-013    intake     PASS  delta=3    PASS
  lease-013    extractor  PASS  delta=13   PASS
  lease-013    anomaly    PASS  delta=9    PASS
  lease-014    intake     PASS  delta=3    PASS
  lease-014    extractor  PASS  delta=13   PASS
  lease-014    anomaly    PASS  delta=9    PASS
  lease-015    intake     PASS  delta=3    PASS
  lease-015    extractor  PASS  delta=13   PASS
  lease-015    anomaly    PASS  delta=9    PASS
  lease-016    intake     PASS  delta=3    PASS
  lease-016    extractor  PASS  delta=13   PASS
  lease-016    anomaly    PASS  delta=9    PASS
  lease-017    intake     PASS  delta=3    PASS
  lease-017    extractor  PASS  delta=13   PASS
  lease-017    anomaly    PASS  delta=9    PASS
  lease-018    intake     PASS  delta=3    PASS
  lease-018    extractor  PASS  delta=13   PASS
  lease-018    anomaly    PASS  delta=9    PASS
  lease-019    intake     PASS  delta=3    PASS
  lease-019    extractor  PASS  delta=13   PASS
  lease-019    anomaly    PASS  delta=9    PASS
  lease-020    intake     PASS  delta=3    PASS
  lease-020    extractor  PASS  delta=13   PASS
  lease-020    anomaly    PASS  delta=9    PASS
--- pass 2/6 ---
  lease-001    intake     PASS  delta=3    PASS
  lease-001    extractor  PASS  delta=13   PASS
  lease-001    anomaly    PASS  delta=9    PASS
  lease-002    intake     PASS  delta=3    PASS
  lease-002    extractor  PASS  delta=13   PASS
  lease-002    anomaly    PASS  delta=9    PASS
  lease-003    intake     PASS  delta=3    PASS
  lease-003    extractor  PASS  delta=13   PASS
  lease-003    anomaly    PASS  delta=9    PASS
  lease-004    intake     PASS  delta=3    PASS
  lease-004    extractor  PASS  delta=13   PASS
  lease-004    anomaly    PASS  delta=9    PASS
  lease-005    intake     PASS  delta=3    PASS
  lease-005    extractor  PASS  delta=13   PASS
  lease-005    anomaly    PASS  delta=9    PASS
  lease-006    intake     PASS  delta=3    PASS
  lease-006    extractor  PASS  delta=13   PASS
  lease-006    anomaly    PASS  delta=9    PASS
  lease-007    intake     PASS  delta=3    PASS
  lease-007    extractor  PASS  delta=13   PASS
  lease-007    anomaly    PASS  delta=9    PASS
  lease-008    intake     PASS  delta=3    PASS
  lease-008    extractor  PASS  delta=13   PASS
  lease-008    anomaly    PASS  delta=9    PASS
  lease-009    intake     PASS  delta=3    PASS
  lease-009    extractor  PASS  delta=13   PASS
  lease-009    anomaly    PASS  delta=9    PASS
  lease-010    intake     PASS  delta=3    PASS
  lease-010    extractor  PASS  delta=13   PASS
  lease-010    anomaly    PASS  delta=9    PASS
  lease-011    intake     PASS  delta=3    PASS
  lease-011    extractor  PASS  delta=13   PASS
